TESTS PASSED: 2022-02-06 07:13:20,930
TESTS PASSED: 2022-04-27 14:26:36,966
TESTS PASSED: 2022-05-02 19:35:14,346
TESTS PASSED: 2022-05-24 12:30:34,062
